// Jest Snapshot v1, https://goo.gl/fbAQLP

exports[`TemplateRow should format row from 1d error 1`] = `
[
  "",
  "port",
  "Number",
  "PORT",
  ""not-a-port"",
  "isInt",
]
`;

exports[`TemplateRow should format table from 2d errors 1`] = `
[
  "",
  "db",
  "",
  "",
  undefined,
  "",
]
`;
