// Jest Snapshot v1, https://goo.gl/fbAQLP

exports[`@unifig/validation-presenter-json (e2e) should pretty print 2d errors in json format 1`] = `
"[
  {
    "template": "StorageOptions",
    "errors": [
      {
        "property": "port",
        "source": "PORT",
        "currentValue": "not-a-port",
        "failedConstraints": [
          {
            "details": "port must be an integer number",
            "name": "isInt"
          }
        ]
      },
      {
        "property": "db",
        "children": [
          {
            "property": "url",
            "source": "DB_URL",
            "failedConstraints": [
              {
                "details": "url must be a string",
                "name": "isString"
              }
            ]
          },
          {
            "property": "password",
            "source": "DB_PASSWORD",
            "failedConstraints": [
              {
                "details": "password must be a string",
                "name": "isString"
              }
            ]
          }
        ]
      }
    ]
  },
  {
    "template": "NetworkOptions",
    "errors": [
      {
        "property": "ipRange",
        "failedConstraints": [
          {
            "details": "ipRange must be defined",
            "name": "isDefined"
          }
        ],
        "children": []
      }
    ]
  }
]"
`;

exports[`@unifig/validation-presenter-json (e2e) should print 2d errors in json format in one line 1`] = `"[{"template":"StorageOptions","errors":[{"property":"port","source":"PORT","currentValue":"not-a-port","failedConstraints":[{"details":"port must be an integer number","name":"isInt"}]}]}]"`;
