// Jest Snapshot v1, https://goo.gl/fbAQLP

exports[`toTable should format table from 1d error 1`] = `
"┌──────────────────┬──────────┬────────┬────────┬───────────────┬────────────────────┐
│ Template         │ Property │ Type   │ Source │ Current Value │ Failed constraints │
├──────────────────┼──────────┼────────┼────────┼───────────────┼────────────────────┤
│ StorageOptions   │ port     │ Number │ PORT   │ "not-a-port"  │ isInt              │
└──────────────────┴──────────┴────────┴────────┴───────────────┴────────────────────┘
"
`;

exports[`toTable should format table from 2d errors 1`] = `
"┌──────────────────┬─────────────┬────────┬─────────────┬───────────────┬────────────────────┐
│ Template         │ Property    │ Type   │ Source      │ Current Value │ Failed constraints │
├──────────────────┼─────────────┼────────┼─────────────┼───────────────┼────────────────────┤
│                  │ port        │ Number │ PORT        │ "not-a-port"  │ isInt              │
│                  ├─────────────┼────────┼─────────────┼───────────────┼────────────────────┤
│ StorageOptions   │ db.url      │ String │ DB_URL      │ undefined     │ isString           │
│                  ├─────────────┼────────┼─────────────┼───────────────┼────────────────────┤
│                  │ db.password │ String │ DB_PASSWORD │ undefined     │ isString           │
├──────────────────┼─────────────┼────────┼─────────────┼───────────────┼────────────────────┤
│ NetworkOptions   │ ipRange     │        │             │ undefined     │ isDefined          │
└──────────────────┴─────────────┴────────┴─────────────┴───────────────┴────────────────────┘
"
`;
