// Jest Snapshot v1, https://goo.gl/fbAQLP

exports[`@unifig/validation-presenter-table (e2e) should format table from validation errors 1`] = `
"┌──────────────────┬─────────────┬────────┬─────────────┬───────────────┬────────────────────┐
│ Template         │ Property    │ Type   │ Source      │ Current Value │ Failed constraints │
├──────────────────┼─────────────┼────────┼─────────────┼───────────────┼────────────────────┤
│                  │ port        │ Number │ PORT        │ "not-a-port"  │ isInt              │
│                  ├─────────────┼────────┼─────────────┼───────────────┼────────────────────┤
│ TemplateMock     │ db.url      │ String │ DB_URL      │ undefined     │ isString           │
│                  ├─────────────┼────────┼─────────────┼───────────────┼────────────────────┤
│                  │ db.password │ String │ DB_PASSWORD │ undefined     │ isString           │
└──────────────────┴─────────────┴────────┴─────────────┴───────────────┴────────────────────┘
"
`;
