// Jest Snapshot v1, https://goo.gl/fbAQLP

exports[`ConfigNotInitializedException should format message 1`] = `
"Config template TemplateMock hasn't been initialized. Possible reasons:
- It wasn't registered before accessing it
- Its validation failed but was not handled by e.g. exiting the app"
`;
